PASSWORD
PASSWORD007
PASSWORD01
PASSWORD1
PASSWORD123
PASSWORD123456
PASSWORD2025
PASSWORD2026
PASSWORDTEST
password
password007
password01
password1
password123
password123456
password2025
password2026
passwordTEST
ADMIN
ADMIN007
ADMIN01
ADMIN1
ADMIN123
ADMIN123456
ADMIN2025
ADMIN2026
ADMINTEST
admin
admin007
admin01
admin1
admin123
admin123456
admin2025
admin2026
adminTEST
root
root007
root01
root1
root123
root123456
root2025
root2026
rootTEST
ROOT
ROOT007
ROOT01
ROOT1
ROOT123
